sample_programs/valid/array/arrayBasic.wacc
calling the reference compiler on sample_programs/valid/array/arrayBasic.wacc
-- Test: arrayBasic.wacc

-- Uploaded file: 
---------------------------------------------------------------
# basic array declaration and assignment

# Output:
# #empty#

# Program:

begin
  int[] a = [0]
end

---------------------------------------------------------------

-- Compiler Output:
-- Compiling...
-- Finished
