sample_programs/valid/array/arrayLookup.wacc
calling the reference compiler on sample_programs/valid/array/arrayLookup.wacc
-- Test: arrayLookup.wacc

-- Uploaded file: 
---------------------------------------------------------------
# check first element of array

# Output:
# 43

# Program:

begin
  int[] a = [43, 2, 18, 1] ;
  println a[0]
end
---------------------------------------------------------------

-- Compiler Output:
-- Compiling...
-- Finished
