sample_programs/valid/array/modifyString.wacc
calling the reference compiler on sample_programs/valid/array/modifyString.wacc
-- Test: modifyString.wacc

-- Uploaded file: 
---------------------------------------------------------------
# create and modify string as array of characters

# Output:
# hello world!
# Hello world!
# Hi!

# Program:

begin
  char[] str = ['h','e','l','l','o',' ','w','o','r','l','d','!'] ;
  println str ;
  str[0] = 'H' ;
  println str ;
  str = ['H','i','!'] ;
  println str
end
---------------------------------------------------------------

-- Compiler Output:
-- Compiling...
-- Finished
