sample_programs/valid/IO/read/read.wacc
calling the reference compiler on sample_programs/valid/IO/read/read.wacc
-- Test: read.wacc

-- Uploaded file: 
---------------------------------------------------------------
# simple read statement

# Output:
# input an integer to continue...
# #input#

# Program:

begin
	int x = 10;
  println "input an integer to continue..." ;
	read x
end
---------------------------------------------------------------

-- Compiler Output:
-- Compiling...
-- Finished
