sample_programs/valid/pairs/free.wacc
calling the reference compiler on sample_programs/valid/pairs/free.wacc
-- Test: free.wacc

-- Uploaded file: 
---------------------------------------------------------------
# Create and free a simple pair

# Output:
# #empty#

# Program:

begin
  pair(int, char) a = newpair(10, 'a') ;
  free a
end

---------------------------------------------------------------

-- Compiler Output:
-- Compiling...
-- Finished
