sample_programs/valid/pairs/nestedPair.wacc
calling the reference compiler on sample_programs/valid/pairs/nestedPair.wacc
-- Test: nestedPair.wacc

-- Uploaded file: 
---------------------------------------------------------------
# create a pair (int, pair (int, int) )

# Output:
# #empty#

# Program:

begin
  pair(int, int) p = newpair(2, 3) ;
  pair(int, pair) q = newpair(1, p)
end
---------------------------------------------------------------

-- Compiler Output:
-- Compiling...
-- Finished
