sample_programs/valid/pairs/null.wacc
calling the reference compiler on sample_programs/valid/pairs/null.wacc
-- Test: null.wacc

-- Uploaded file: 
---------------------------------------------------------------
# null pair assignment

# Output:
# (nil)
# (nil)

# Program:

begin
  pair(pair, pair) p = null ;
  println p ;
  p = null ;
  println p
end


---------------------------------------------------------------

-- Compiler Output:
-- Compiling...
-- Finished
