sample_programs/valid/pairs/writeSnd.wacc
calling the reference compiler on sample_programs/valid/pairs/writeSnd.wacc
-- Test: writeSnd.wacc

-- Uploaded file: 
---------------------------------------------------------------
# create a pair and write to its second element

# Output:
# a
# Z

# Program:

begin
  pair(int, char) p = newpair(10, 'a') ;
  char s = snd p ;
  println s ;
  snd p = 'Z' ;
  s = snd p ;
  println s
end
---------------------------------------------------------------

-- Compiler Output:
-- Compiling...
-- Finished
