sample_programs/invalid/semanticErr/expressions/exprTypeErr.wacc
calling the reference compiler on sample_programs/invalid/semanticErr/expressions/exprTypeErr.wacc
-- Test: exprTypeErr.wacc

-- Uploaded file: 
---------------------------------------------------------------
# expresission type mismatch bool->int

# Output:
# #semantic_error#

# Exit:
# 200

# Program:

begin
  int b = 15 + 6 || 19
end
---------------------------------------------------------------

-- Compiler Output:
-- Compiling...
Errors detected during compilation! Exit code 200 returned.
Semantic Error at 12:10 -- Incompatible type at 15+6||19 (expected: INT, actual: BOOL)
