sample_programs/invalid/semanticErr/expressions/intOpTypeErr.wacc
calling the reference compiler on sample_programs/invalid/semanticErr/expressions/intOpTypeErr.wacc
-- Test: intOpTypeErr.wacc

-- Uploaded file: 
---------------------------------------------------------------
# expresission type mismatch bool->int

# Output:
# #semantic_error#

# Exit:
# 200

# Program:

begin
  int x = true + false
end
---------------------------------------------------------------

-- Compiler Output:
-- Compiling...
Errors detected during compilation! Exit code 200 returned.
Semantic Error at 12:17 -- Incompatible type at false (expected: INT, actual: BOOL)
