sample_programs/invalid/semanticErr/expressions/mixedOpTypeErr.wacc
calling the reference compiler on sample_programs/invalid/semanticErr/expressions/mixedOpTypeErr.wacc
-- Test: mixedOpTypeErr.wacc

-- Uploaded file: 
---------------------------------------------------------------
# expresission type mismatch bool->int

# Output:
# #semantic_error#

# Exit:
# 200

# Program:

begin
  int b = 1 + 2 + true + 4 + 5
end
---------------------------------------------------------------

-- Compiler Output:
-- Compiling...
Errors detected during compilation! Exit code 200 returned.
Semantic Error at 12:18 -- Incompatible type at true (expected: INT, actual: BOOL)
