sample_programs/invalid/semanticErr/expressions/stringElemErr.wacc
calling the reference compiler on sample_programs/invalid/semanticErr/expressions/stringElemErr.wacc
-- Test: stringElemErr.wacc

-- Uploaded file: 
---------------------------------------------------------------
# element access is not permitted for strings

# Output:
# #semantic_error#

# Exit:
# 200

# Program:

begin
  string str = "hello world!" ;
  println str ;
  str[0] = 'H' ;
  println str
end
---------------------------------------------------------------

-- Compiler Output:
-- Compiling...
Errors detected during compilation! Exit code 200 returned.
Semantic Error at 14:2 -- Incompatible type at str (expected: Any[], actual: STRING)
