sample_programs/invalid/semanticErr/if/ifIntCondition.wacc
calling the reference compiler on sample_programs/invalid/semanticErr/if/ifIntCondition.wacc
-- Test: ifIntCondition.wacc

-- Uploaded file: 
---------------------------------------------------------------
# if condition type mismatch

# Output:
# #semantic_error#

# Exit:
# 200

# Program:

begin
  if 15 + 6 then 
    skip 
  else 
    skip
  fi
end
---------------------------------------------------------------

-- Compiler Output:
-- Compiling...
Errors detected during compilation! Exit code 200 returned.
Semantic Error at 12:5 -- Incompatible type at 15+6 (expected: BOOL, actual: INT)
