sample_programs/valid/function/simple_functions/sameNameAsVar.wacc
calling the reference compiler on sample_programs/valid/function/simple_functions/sameNameAsVar.wacc
-- Test: sameNameAsVar.wacc

-- Uploaded file: 
---------------------------------------------------------------
# program with function that has same name as a variable

# Output:
# 5

# Program:

begin
  int f() is
    return 5
  end
  
  int f = call f();
  println f
end
---------------------------------------------------------------

-- Compiler Output:
-- Compiling...
-- Finished
