sample_programs/valid/function/simple_functions/sameArgName2.wacc
calling the reference compiler on sample_programs/valid/function/simple_functions/sameArgName2.wacc
-- Test: sameArgName2.wacc

-- Uploaded file: 
---------------------------------------------------------------
# program with function that has same parameter name as function 
# and also returns to same named variable

# Output:
# 99

# Program:

begin
  int f(int f) is
    return f
  end
  
  int f = call f(99);
  println f
end
---------------------------------------------------------------

-- Compiler Output:
-- Compiling...
-- Finished
