sample_programs/invalid/syntaxErr/function/badlyPlaced.wacc
calling the reference compiler on sample_programs/invalid/syntaxErr/function/badlyPlaced.wacc
-- Test: badlyPlaced.wacc

-- Uploaded file: 
---------------------------------------------------------------
# program has function before begin

# Output:
# #syntax_error#

# Exit:
# 100

# Program:

int foo() is
  return 42
end

begin
  int x = call foo()
end
---------------------------------------------------------------

-- Compiler Output:
-- Compiling...
Errors detected during compilation! Exit code 100 returned.
Syntactic Error at 11:0 -- missing 'begin' at 'int'
Syntactic Error at 18:0 -- missing 'end' at '<EOF>'
2 parser error(s) detected, no further compilation attempted.
