sample_programs/invalid/syntaxErr/function/badlyNamed.wacc
calling the reference compiler on sample_programs/invalid/syntaxErr/function/badlyNamed.wacc
-- Test: badlyNamed.wacc

-- Uploaded file: 
---------------------------------------------------------------
# function return type and name are conflated

# Output:
# #syntax_error#

# Exit:
# 100

# Program:

begin
  intf() is
    return 42
  end

  int x = call f()
end
---------------------------------------------------------------

-- Compiler Output:
-- Compiling...
Errors detected during compilation! Exit code 100 returned.
Syntactic Error at 12:6 -- mismatched input '(' expecting {'[', '='}
Syntactic Error at 16:2 -- mismatched input 'int' expecting <EOF>
2 parser error(s) detected, no further compilation attempted.
