sample_programs/invalid/syntaxErr/function/funcExpr2.wacc
calling the reference compiler on sample_programs/invalid/syntaxErr/function/funcExpr2.wacc
-- Test: funcExpr2.wacc

-- Uploaded file: 
---------------------------------------------------------------
# trying to call a function in a general expression

# Output:
# #syntax_error#

# Exit:
# 100

# Program:

begin 
  int f (int x) is
    return 0
  end
  println "init x" ;
  int x = 2 ;
  while x > f(x) do
    println x ;
    x = x - 1
  done;
  println "finshed I guess"
end
	
---------------------------------------------------------------

-- Compiler Output:
-- Compiling...
Errors detected during compilation! Exit code 100 returned.
Syntactic Error at 17:13 -- mismatched input '(' expecting {'-', '*', '/', '%', '+', '<', '<=', '>=', '>', '==', '!=', '&&', '||', 'do', '['}
1 parser error(s) detected, no further compilation attempted.
