sample_programs/invalid/syntaxErr/function/thisIsNotC.wacc
calling the reference compiler on sample_programs/invalid/syntaxErr/function/thisIsNotC.wacc
-- Test: thisIsNotC.wacc

-- Uploaded file: 
---------------------------------------------------------------
# Uses C-style pointers. This is WACC, not C.

# Output:
# #syntax_error#

# Exit:
# 100

# Program:

begin
  int f(int *x) is 
    *x = *x + 1;
    return 0
  end

  int *x = malloc(4);
  x[0] = 77;
  int f = call f(x);
  println *(x);
  free x
end
---------------------------------------------------------------

-- Compiler Output:
-- Compiling...
Errors detected during compilation! Exit code 100 returned.
Syntactic Error at 12:12 -- extraneous input '*' expecting ID
Syntactic Error at 13:4 -- no viable alternative at input '*'
Syntactic Error at 13:9 -- no viable alternative at input '*'
Syntactic Error at 17:2 -- mismatched input 'int' expecting <EOF>
4 parser error(s) detected, no further compilation attempted.
