sample_programs/valid/sequence/basicSeq.wacc
calling the reference compiler on sample_programs/valid/sequence/basicSeq.wacc
-- Test: basicSeq.wacc

-- Uploaded file: 
---------------------------------------------------------------
# basic sequential composition

# Output:
# #empty#

# Program:

begin 
  skip;
  skip 
end
---------------------------------------------------------------

-- Compiler Output:
-- Compiling...
-- Finished
