sample_programs/valid/sequence/boolAssignment.wacc
calling the reference compiler on sample_programs/valid/sequence/boolAssignment.wacc
-- Test: boolAssignment.wacc

-- Uploaded file: 
---------------------------------------------------------------
# simple boolean variable declaration and assignment

# Output:
# #empty#

# Program:

begin
  bool b = false ;
  b = true
end
---------------------------------------------------------------

-- Compiler Output:
-- Compiling...
-- Finished
