sample_programs/valid/sequence/stringAssignment.wacc
calling the reference compiler on sample_programs/valid/sequence/stringAssignment.wacc
-- Test: stringAssignment.wacc

-- Uploaded file: 
---------------------------------------------------------------
# simple string variable declaration and assignment

# Output:
# #empty#

# Program:

begin
  string s = "foo" ;
  s = "bar"
end
---------------------------------------------------------------

-- Compiler Output:
-- Compiling...
-- Finished
