sample_programs/invalid/syntaxErr/pairs/badLookup02.wacc
calling the reference compiler on sample_programs/invalid/syntaxErr/pairs/badLookup02.wacc
-- Test: badLookup02.wacc

-- Uploaded file: 
---------------------------------------------------------------
# try to directly print pair's second element

# Output:
# #syntax_error#

# Exit:
# 100

# Program:

begin
	pair(int, char) p = newpair(10, 'a') ;
  println snd p
end
---------------------------------------------------------------

-- Compiler Output:
-- Compiling...
Errors detected during compilation! Exit code 100 returned.
Syntactic Error at 13:10 -- no viable alternative at input 'snd'
1 parser error(s) detected, no further compilation attempted.
