sample_programs/invalid/semanticErr/array/arrayTypeClash.wacc
calling the reference compiler on sample_programs/invalid/semanticErr/array/arrayTypeClash.wacc
-- Test: arrayTypeClash.wacc

-- Uploaded file: 
---------------------------------------------------------------
# arrays can only contain one type

# Output:
# #semantic_error#

# Exit:
# 200

# Program:

begin
  int[] b = ["1", "2", "3"]
end
---------------------------------------------------------------

-- Compiler Output:
-- Compiling...
Errors detected during compilation! Exit code 200 returned.
Semantic Error at 12:13 -- Incompatible type at "1" (expected: INT, actual: STRING)
