sample_programs/valid/while/whileBasic.wacc
calling the reference compiler on sample_programs/valid/while/whileBasic.wacc
-- Test: whileBasic.wacc

-- Uploaded file: 
---------------------------------------------------------------
# simple while loop

# Output:
# #empty#

# Program:

begin
  while false do
    skip
  done
end
---------------------------------------------------------------

-- Compiler Output:
-- Compiling...
-- Finished
