sample_programs/valid/if/if4.wacc
calling the reference compiler on sample_programs/valid/if/if4.wacc
-- Test: if4.wacc

-- Uploaded file: 
---------------------------------------------------------------
# Simple conditional statement with boolen expression test

# Output:
# correct

# Program:

begin
  bool b = true;
  bool c = false;	
  if b && c 
  then 
    println "incorrect"
  else 
    println "correct"
  fi
end
---------------------------------------------------------------

-- Compiler Output:
-- Compiling...
-- Finished
