sample_programs/valid/if/ifBasic.wacc
calling the reference compiler on sample_programs/valid/if/ifBasic.wacc
-- Test: ifBasic.wacc

-- Uploaded file: 
---------------------------------------------------------------
# simple if statement

# Output:
# #empty#

# Program:

begin
  if true 
  then
    skip
  else
    skip
  fi
end

---------------------------------------------------------------

-- Compiler Output:
-- Compiling...
-- Finished
