sample_programs/valid/scope/indentationNotImportant.wacc
calling the reference compiler on sample_programs/valid/scope/indentationNotImportant.wacc
-- Test: indentationNotImportant.wacc

-- Uploaded file: 
---------------------------------------------------------------
# consistent indentation is for readability purposes only

# Output:
# #empty#

# Program:

           begin
 while 
false 
         do
    skip
done
                    end
---------------------------------------------------------------

-- Compiler Output:
-- Compiling...
-- Finished
