sample_programs/valid/scope/scopeSimpleRedefine.wacc
calling the reference compiler on sample_programs/valid/scope/scopeSimpleRedefine.wacc
-- Test: scopeSimpleRedefine.wacc

-- Uploaded file: 
---------------------------------------------------------------
# variable scoping test that redefines a variable

# Output:
# true
# 12

# Program:

begin
  int x = 12 ;
  begin
    bool x = true ;
    println x
  end ;
  println x 
end

---------------------------------------------------------------

-- Compiler Output:
-- Compiling...
-- Finished
