sample_programs/valid/runtimeErr/divideByZero/divideByZero.wacc
calling the reference compiler on sample_programs/valid/runtimeErr/divideByZero/divideByZero.wacc
-- Test: divideByZero.wacc

-- Uploaded file: 
---------------------------------------------------------------
# attempt divide by zero

# Output:
# #runtime_error#

# Exit:
# 255

# Program:

begin
	int x = 10 ;
	int y = 0 ;
	print x / y
end
---------------------------------------------------------------

-- Compiler Output:
-- Compiling...
-- Finished
