sample_programs/valid/runtimeErr/divideByZero/modByZero.wacc
calling the reference compiler on sample_programs/valid/runtimeErr/divideByZero/modByZero.wacc
-- Test: modByZero.wacc

-- Uploaded file: 
---------------------------------------------------------------
# attempt modulo by zero

# Output:
# #runtime_error#

# Exit:
# 255

# Program:

begin
	int x = 10 ;
	int y = 0 ;
	print x % y
end
---------------------------------------------------------------

-- Compiler Output:
-- Compiling...
-- Finished
