sample_programs/invalid/syntaxErr/sequence/extraSeq.wacc
calling the reference compiler on sample_programs/invalid/syntaxErr/sequence/extraSeq.wacc
-- Test: extraSeq.wacc

-- Uploaded file: 
---------------------------------------------------------------
# extra sequential composition

# Output:
# #syntax_error#

# Exit:
# 100

# Program:

begin skip; end
---------------------------------------------------------------

-- Compiler Output:
-- Compiling...
Errors detected during compilation! Exit code 100 returned.
Syntactic Error at 11:12 -- no viable alternative at input 'end'
1 parser error(s) detected, no further compilation attempted.
