sample_programs/invalid/syntaxErr/expressions/missingOperand1.wacc
calling the reference compiler on sample_programs/invalid/syntaxErr/expressions/missingOperand1.wacc
-- Test: missingOperand1.wacc

-- Uploaded file: 
---------------------------------------------------------------
# operator missing first operand

# Output:
# #syntax_error#

# Exit:
# 100

# Program:

begin
  int b = * 6
end
---------------------------------------------------------------

-- Compiler Output:
-- Compiling...
Errors detected during compilation! Exit code 100 returned.
Syntactic Error at 12:10 -- no viable alternative at input '*'
1 parser error(s) detected, no further compilation attempted.
