sample_programs/valid/variables/boolDeclaration.wacc
calling the reference compiler on sample_programs/valid/variables/boolDeclaration.wacc
-- Test: boolDeclaration.wacc

-- Uploaded file: 
---------------------------------------------------------------
# simple boolean variable declaration

# Output:
# #empty#

# Program:

begin
  bool b = false
end
---------------------------------------------------------------

-- Compiler Output:
-- Compiling...
-- Finished
