sample_programs/valid/variables/boolDeclaration2.wacc
calling the reference compiler on sample_programs/valid/variables/boolDeclaration2.wacc
-- Test: boolDeclaration2.wacc

-- Uploaded file: 
---------------------------------------------------------------
# simple true boolean variable declaration

# Output:
# #empty#

# Program:

begin
  bool b = true
end
---------------------------------------------------------------

-- Compiler Output:
-- Compiling...
-- Finished
