sample_programs/valid/variables/charDeclaration.wacc
calling the reference compiler on sample_programs/valid/variables/charDeclaration.wacc
-- Test: charDeclaration.wacc

-- Uploaded file: 
---------------------------------------------------------------
# simple character variable declaration

# Output:
# #empty#

# Program:

begin
  char c = 'a'
end
---------------------------------------------------------------

-- Compiler Output:
-- Compiling...
-- Finished
