sample_programs/valid/variables/charDeclaration2.wacc
calling the reference compiler on sample_programs/valid/variables/charDeclaration2.wacc
-- Test: charDeclaration2.wacc

-- Uploaded file: 
---------------------------------------------------------------
# simple character variable declaration

# Output:
# #empty#

# Program:

begin
  char c = 'z'
end
---------------------------------------------------------------

-- Compiler Output:
-- Compiling...
-- Finished
