sample_programs/valid/variables/intDeclaration.wacc
calling the reference compiler on sample_programs/valid/variables/intDeclaration.wacc
-- Test: intDeclaration.wacc

-- Uploaded file: 
---------------------------------------------------------------
# simple integer variable declaration

# Output:
# #empty#

# Program:

begin
  int x = 42
end
---------------------------------------------------------------

-- Compiler Output:
-- Compiling...
-- Finished
