sample_programs/valid/variables/puncCharDeclaration.wacc
calling the reference compiler on sample_programs/valid/variables/puncCharDeclaration.wacc
-- Test: puncCharDeclaration.wacc

-- Uploaded file: 
---------------------------------------------------------------
# simple punctuation character variable declaration

# Output:
# #empty#

# Program:

begin
  char c = '!'
end
---------------------------------------------------------------

-- Compiler Output:
-- Compiling...
-- Finished
