sample_programs/invalid/semanticErr/exit/globalReturn.wacc
calling the reference compiler on sample_programs/invalid/semanticErr/exit/globalReturn.wacc
-- Test: globalReturn.wacc

-- Uploaded file: 
---------------------------------------------------------------
# trying to return from the main program

# Output:
# #semantic_error#

# Exit:
# 200

# Program:

begin
  return 42 ;
  println "should not get here" 
end
---------------------------------------------------------------

-- Compiler Output:
-- Compiling...
Errors detected during compilation! Exit code 200 returned.
Semantic Error at 12:2 -- Cannot return from the global scope.
