sample_programs/valid/runtimeErr/integerOverflow/intmultOverflow.wacc
calling the reference compiler on sample_programs/valid/runtimeErr/integerOverflow/intmultOverflow.wacc
-- Test: intmultOverflow.wacc

-- Uploaded file: 
---------------------------------------------------------------
# integer overflow - generates odd assembly error!

# Output:
# 2147483
# 2147483000
# #runtime_error#

# Exit:
# 255

# Program:

begin
  int x = 2147483 ;
  println x ;
  x = x * 1000 ;
  println x ;
  x = x * 1000 ;
  println x ;
  x = x * 1000 ; #err here?
  println x 
end
---------------------------------------------------------------

-- Compiler Output:
-- Compiling...
-- Finished
