sample_programs/valid/runtimeErr/integerOverflow/intnegateOverflow3.wacc
calling the reference compiler on sample_programs/valid/runtimeErr/integerOverflow/intnegateOverflow3.wacc
-- Test: intnegateOverflow3.wacc

-- Uploaded file: 
---------------------------------------------------------------
# multiplying a negative integer

# Output:
# -20000
# #runtime_error#

# Exit:
# 255

# Program:

begin
  int x = -20000 ;
  println x ;
  x = x*100000000; #err here? 
  println x 
end
---------------------------------------------------------------

-- Compiler Output:
-- Compiling...
-- Finished
