sample_programs/valid/runtimeErr/integerOverflow/intnegateOverflow4.wacc
calling the reference compiler on sample_programs/valid/runtimeErr/integerOverflow/intnegateOverflow4.wacc
-- Test: intnegateOverflow4.wacc

-- Uploaded file: 
---------------------------------------------------------------
# negative overflow

# Output:
# -2000000000
# #runtime_error#

# Exit:
# 255

# Program:

begin
  int x = -2000000000 ;
  println x ;
  x = x - 2000000000; #err here? 
  println x 
end
---------------------------------------------------------------

-- Compiler Output:
-- Compiling...
-- Finished
