sample_programs/valid/runtimeErr/integerOverflow/intnegateOverflow.wacc
calling the reference compiler on sample_programs/valid/runtimeErr/integerOverflow/intnegateOverflow.wacc
-- Test: intnegateOverflow.wacc

-- Uploaded file: 
---------------------------------------------------------------
# negating biggest possible negative integer

# Output:
# -2147483648
# #runtime_error#

# Exit:
# 255 

# Program:

begin
  int x = -2147483648 ;
  println x ;
  x = -x; #err here?
  println x 
end
---------------------------------------------------------------

-- Compiler Output:
-- Compiling...
-- Finished
