sample_programs/valid/basic/skip/commentInLine.wacc
calling the reference compiler on sample_programs/valid/basic/skip/commentInLine.wacc
-- Test: commentInLine.wacc

-- Uploaded file: 
---------------------------------------------------------------
# simple skip program with in-line comment

# Output:
# #empty#

# Program:

begin 
  skip # I can write comments in-line 
end
---------------------------------------------------------------

-- Compiler Output:
-- Compiling...
-- Finished
