sample_programs/valid/basic/skip/skip.wacc
calling the reference compiler on sample_programs/valid/basic/skip/skip.wacc
-- Test: skip.wacc

-- Uploaded file: 
---------------------------------------------------------------
# simple skip program

# Output:
# #empty#

# Program:

begin skip end
---------------------------------------------------------------

-- Compiler Output:
-- Compiling...
-- Finished
