sample_programs/invalid/syntaxErr/while/donoErr.wacc
calling the reference compiler on sample_programs/invalid/syntaxErr/while/donoErr.wacc
-- Test: donoErr.wacc

-- Uploaded file: 
---------------------------------------------------------------
# done typo

# Output:
# #syntax_error#

# Exit:
# 100

# Program:

begin
  while false do
    skip
  dono
end
---------------------------------------------------------------

-- Compiler Output:
-- Compiling...
Errors detected during compilation! Exit code 100 returned.
Syntactic Error at 14:2 -- mismatched input 'dono' expecting {'done', ';'}
1 parser error(s) detected, no further compilation attempted.
