sample_programs/invalid/syntaxErr/while/whileNodo.wacc
calling the reference compiler on sample_programs/invalid/syntaxErr/while/whileNodo.wacc
-- Test: whileNodo.wacc

-- Uploaded file: 
---------------------------------------------------------------
# while missing opening do

# Output:
# #syntax_error#

# Exit:
# 100

# Program:

begin
  while false
    skip
  done
end
---------------------------------------------------------------

-- Compiler Output:
-- Compiling...
Errors detected during compilation! Exit code 100 returned.
Syntactic Error at 13:4 -- mismatched input 'skip' expecting {'-', '*', '/', '%', '+', '<', '<=', '>=', '>', '==', '!=', '&&', '||', 'do'}
1 parser error(s) detected, no further compilation attempted.
