sample_programs/invalid/syntaxErr/basic/badComment.wacc
calling the reference compiler on sample_programs/invalid/syntaxErr/basic/badComment.wacc
-- Test: badComment.wacc

-- Uploaded file: 
---------------------------------------------------------------
# program has missing comment declaration

# Output:
# #syntax_error#

# Exit:
# 100

# Program:

begin
  oops, this is supposed to be a comment
  print "Hello World!\n"
end
---------------------------------------------------------------

-- Compiler Output:
-- Compiling...
Errors detected during compilation! Exit code 100 returned.
Syntactic Error at 12:6 -- mismatched input ',' expecting {'[', '='}
1 parser error(s) detected, no further compilation attempted.
