sample_programs/invalid/syntaxErr/basic/beginNoend.wacc
calling the reference compiler on sample_programs/invalid/syntaxErr/basic/beginNoend.wacc
-- Test: beginNoend.wacc

-- Uploaded file: 
---------------------------------------------------------------
# begin missing closing end

# Output:
# #syntax_error#

# Exit:
# 100

# Program:

begin skip
---------------------------------------------------------------

-- Compiler Output:
-- Compiling...
Errors detected during compilation! Exit code 100 returned.
Syntactic Error at 12:0 -- missing 'end' at '<EOF>'
1 parser error(s) detected, no further compilation attempted.
