sample_programs/invalid/syntaxErr/basic/unescapedChar.wacc
calling the reference compiler on sample_programs/invalid/syntaxErr/basic/unescapedChar.wacc
-- Test: unescapedChar.wacc

-- Uploaded file: 
---------------------------------------------------------------
# unescaped double quote

# Output:
# #syntax_error#

# Exit:
# 100

# Program:

begin
  char a = '"'
end
---------------------------------------------------------------

-- Compiler Output:
-- Compiling...
Errors detected during compilation! Exit code 100 returned.
Syntactic Error at 12:12 -- token recognition error at: '"'
Syntactic Error at 12:13 -- missing CHARACTER at '''
1 parser error(s) detected, no further compilation attempted.
