sample_programs/invalid/syntaxErr/variables/badintAssignments2.wacc
calling the reference compiler on sample_programs/invalid/syntaxErr/variables/badintAssignments2.wacc
-- Test: badintAssignments2.wacc

-- Uploaded file: 
---------------------------------------------------------------
# bad integer assignments - malformed int literal

# Output:
# #syntax_error#

# Exit:
# 100

# Program:

begin
  int y = 1A4
end 
---------------------------------------------------------------

-- Compiler Output:
-- Compiling...
Errors detected during compilation! Exit code 100 returned.
Syntactic Error at 12:11 -- extraneous input 'A4' expecting {'-', '*', '/', '%', '+', '<', '<=', '>=', '>', '==', '!=', '&&', '||', 'end', ';'}
1 parser error(s) detected, no further compilation attempted.
