sample_programs/invalid/syntaxErr/variables/badintAssignments1.wacc
calling the reference compiler on sample_programs/invalid/syntaxErr/variables/badintAssignments1.wacc
-- Test: badintAssignments1.wacc

-- Uploaded file: 
---------------------------------------------------------------
# bad integer assignment - whitespace should delimit ints

# Output:
# #syntax_error#

# Exit:
# 100

# Program:

begin
  int x = 22 0
end 
---------------------------------------------------------------

-- Compiler Output:
-- Compiling...
Errors detected during compilation! Exit code 100 returned.
Syntactic Error at 12:13 -- extraneous input '0' expecting {'-', '*', '/', '%', '+', '<', '<=', '>=', '>', '==', '!=', '&&', '||', 'end', ';'}
1 parser error(s) detected, no further compilation attempted.
