sample_programs/invalid/syntaxErr/variables/bigIntAssignment.wacc
calling the reference compiler on sample_programs/invalid/syntaxErr/variables/bigIntAssignment.wacc
-- Test: bigIntAssignment.wacc

-- Uploaded file: 
---------------------------------------------------------------
# int assignment overlow

# Output:
# #syntax_error#

# Exit:
# 100

# Program:

begin
  int x = 2200000000 
end
---------------------------------------------------------------

-- Compiler Output:
-- Compiling...
Errors detected during compilation! Exit code 100 returned.
Integer value 2200000000 on line 12 is badly formatted (either it has a badly defined sign or it is too large for a 32-bit signed integer)
Parsing aborted, no further compilation attempted.
