sample_programs/invalid/semanticErr/pairs/fstNull.wacc
calling the reference compiler on sample_programs/invalid/semanticErr/pairs/fstNull.wacc
-- Test: fstNull.wacc

-- Uploaded file: 
---------------------------------------------------------------
# call fst on a null pair literal 

# Output:
# #semantic_error#

# Exit:
# 200

# Program:

begin
  int i = fst null;
  println i
end
---------------------------------------------------------------

-- Compiler Output:
-- Compiling...
Errors detected during compilation! Exit code 200 returned.
Semantic Error at 12:10 -- accessing element of a null pair
