sample_programs/invalid/semanticErr/read/readTypeErr01.wacc
calling the reference compiler on sample_programs/invalid/semanticErr/read/readTypeErr01.wacc
-- Test: readTypeErr01.wacc

-- Uploaded file: 
---------------------------------------------------------------
# read into pair type

# Output:
# #semantic_error#

# Exit:
# 200

# Program:

begin
  pair(int, int) p = newpair(1,2);
  read p
end

---------------------------------------------------------------

-- Compiler Output:
-- Compiling...
Errors detected during compilation! Exit code 200 returned.
Semantic Error at 13:2 -- Incompatible type Pair(INT, INT)
