sample_programs/invalid/semanticErr/variables/basicTypeErr08.wacc
calling the reference compiler on sample_programs/invalid/semanticErr/variables/basicTypeErr08.wacc
-- Test: basicTypeErr08.wacc

-- Uploaded file: 
---------------------------------------------------------------
# type mismatch: char <- bool

# Output:
# #semantic_error#

# Exit:
# 200

# Program:

begin
  char c = false
end
---------------------------------------------------------------

-- Compiler Output:
-- Compiling...
Errors detected during compilation! Exit code 200 returned.
Semantic Error at 12:11 -- Incompatible type at false (expected: CHAR, actual: BOOL)
