sample_programs/invalid/semanticErr/variables/basicTypeErr11.wacc
calling the reference compiler on sample_programs/invalid/semanticErr/variables/basicTypeErr11.wacc
-- Test: basicTypeErr11.wacc

-- Uploaded file: 
---------------------------------------------------------------
# type mismatch: string <- bool

# Output:
# #semantic_error#

# Exit:
# 200

# Program:

begin
  string s = true
end
---------------------------------------------------------------

-- Compiler Output:
-- Compiling...
Errors detected during compilation! Exit code 200 returned.
Semantic Error at 12:13 -- Incompatible type at true (expected: STRING, actual: BOOL)
