sample_programs/invalid/semanticErr/variables/basicTypeErr02.wacc
calling the reference compiler on sample_programs/invalid/semanticErr/variables/basicTypeErr02.wacc
-- Test: basicTypeErr02.wacc

-- Uploaded file: 
---------------------------------------------------------------
# type mismatch: int <- char

# Output:
# #semantic_error#

# Exit:
# 200

# Program:

begin
  int i = 'f'
end
---------------------------------------------------------------

-- Compiler Output:
-- Compiling...
Errors detected during compilation! Exit code 200 returned.
Semantic Error at 12:10 -- Incompatible type at 'f' (expected: INT, actual: CHAR)
