sample_programs/invalid/semanticErr/variables/undeclaredScopeVar.wacc
calling the reference compiler on sample_programs/invalid/semanticErr/variables/undeclaredScopeVar.wacc
-- Test: undeclaredScopeVar.wacc

-- Uploaded file: 
---------------------------------------------------------------
# assignment to variable not declared in current scope

# Output:
# #semantic_error#

# Exit:
# 200

# Program:

begin
  begin 
  int x = 5
  end ;
  x = 10
end
---------------------------------------------------------------

-- Compiler Output:
-- Compiling...
Errors detected during compilation! Exit code 200 returned.
Semantic Error at 15:2 -- Variable x is not defined in this scope
