sample_programs/invalid/semanticErr/variables/undeclaredVar.wacc
calling the reference compiler on sample_programs/invalid/semanticErr/variables/undeclaredVar.wacc
-- Test: undeclaredVar.wacc

-- Uploaded file: 
---------------------------------------------------------------
# assignment to undeclared variable

# Output:
# #semantic_error#

# Exit:
# 200

# Program:

begin
  x = 10
end
---------------------------------------------------------------

-- Compiler Output:
-- Compiling...
Errors detected during compilation! Exit code 200 returned.
Semantic Error at 12:2 -- Variable x is not defined in this scope
