sample_programs/invalid/semanticErr/multiple/ifAndWhileErrs.wacc
calling the reference compiler on sample_programs/invalid/semanticErr/multiple/ifAndWhileErrs.wacc
-- Test: ifAndWhileErrs.wacc

-- Uploaded file: 
---------------------------------------------------------------
# boolean typo and if condition type mismatch

# Output:
# #semantic_error#

# Exit:
# 200

# Program:

begin
  while tru do
    if 15 + 6 then 
      skip 
    else 
      skip
    fi
  done
end
---------------------------------------------------------------

-- Compiler Output:
-- Compiling...
Errors detected during compilation! Exit code 200 returned.
Semantic Error at 12:8 -- Variable tru is not defined in this scope
