sample_programs/invalid/semanticErr/multiple/multiTypeErrs.wacc
calling the reference compiler on sample_programs/invalid/semanticErr/multiple/multiTypeErrs.wacc
-- Test: multiTypeErrs.wacc

-- Uploaded file: 
---------------------------------------------------------------
# multiple type mismatches: int <- bool, bool <- char, char <- int

# Output:
# #semantic_error#

# Exit:
# 200

# Program:

begin
  int i = true ;
  bool b = 'a' ;
  char c = 10
end
---------------------------------------------------------------

-- Compiler Output:
-- Compiling...
Errors detected during compilation! Exit code 200 returned.
Semantic Error at 12:10 -- Incompatible type at true (expected: INT, actual: BOOL)
