sample_programs/invalid/semanticErr/function/functionBadReturn.wacc
calling the reference compiler on sample_programs/invalid/semanticErr/function/functionBadReturn.wacc
-- Test: functionBadReturn.wacc

-- Uploaded file: 
---------------------------------------------------------------
# function return type mismatch: int <- char

# Output:
# #semantic_error#

# Exit:
# 200

# Program:

begin
	int f() is
		return 'c'
	end
	int x = call f() ;
	println x 
end
	
---------------------------------------------------------------

-- Compiler Output:
-- Compiling...
Errors detected during compilation! Exit code 200 returned.
Semantic Error at 13:9 -- Incompatible type at 'c' (expected: INT, actual: CHAR)
