sample_programs/invalid/semanticErr/function/functionSwapArgs.wacc
calling the reference compiler on sample_programs/invalid/semanticErr/function/functionSwapArgs.wacc
-- Test: functionSwapArgs.wacc

-- Uploaded file: 
---------------------------------------------------------------
# function call with arguments swapped

# Output:
# #semantic_error#

# Exit:
# 200

# Program:

begin
	int f(int a, bool b) is
		return 0 
	end
	int x = call f(true,1);
	println x
end

	
---------------------------------------------------------------

-- Compiler Output:
-- Compiling...
Errors detected during compilation! Exit code 200 returned.
Semantic Error at 15:16 -- Incompatible type at true (expected: INT, actual: BOOL)
