sample_programs/invalid/semanticErr/function/functionBadArgUse.wacc
calling the reference compiler on sample_programs/invalid/semanticErr/function/functionBadArgUse.wacc
-- Test: functionBadArgUse.wacc

-- Uploaded file: 
---------------------------------------------------------------
# function parameter misuse

# Output:
# #semantic_error#

# Exit:
# 200

# Program:

begin
	int f(int x) is
    bool b = x && true ;
		return 0
	end
  int x = call f(0) 
end
	
---------------------------------------------------------------

-- Compiler Output:
-- Compiling...
Errors detected during compilation! Exit code 200 returned.
Semantic Error at 13:13 -- Incompatible type at x (expected: BOOL, actual: INT)
