sample_programs/invalid/semanticErr/function/functionAssign.wacc
calling the reference compiler on sample_programs/invalid/semanticErr/function/functionAssign.wacc
-- Test: functionAssign.wacc

-- Uploaded file: 
---------------------------------------------------------------
# tries to assign to a function

# Output:
# #semantic_error#

# Exit:
# 200

# Program:

begin
  int f() is
    return 3
  end
  
  f = 2
end
---------------------------------------------------------------

-- Compiler Output:
-- Compiling...
Errors detected during compilation! Exit code 200 returned.
Semantic Error at 16:2 -- Variable f is not defined in this scope
