sample_programs/invalid/semanticErr/function/funcVarAccess.wacc
calling the reference compiler on sample_programs/invalid/semanticErr/function/funcVarAccess.wacc
-- Test: funcVarAccess.wacc

-- Uploaded file: 
---------------------------------------------------------------
# functions cannot access global variables

# Output:
# #semantic_error#

# Exit:
# 200

# Program:

begin
	int f() is
    x = -1 ;
		return 0
	end
  int x = 5 ;
  int y = call f() ;
  println x
end
	
---------------------------------------------------------------

-- Compiler Output:
-- Compiling...
Errors detected during compilation! Exit code 200 returned.
Semantic Error at 13:4 -- Variable x is not defined in this scope
