sample_programs/invalid/semanticErr/function/functionUnderArgs.wacc
calling the reference compiler on sample_programs/invalid/semanticErr/function/functionUnderArgs.wacc
-- Test: functionUnderArgs.wacc

-- Uploaded file: 
---------------------------------------------------------------
# function call with too few arguments

# Output:
# #semantic_error#

# Exit:
# 200

# Program:

begin
	int f(int a, int b) is
		return 0 
	end
	int x = call f(1);
	println x
end

	
---------------------------------------------------------------

-- Compiler Output:
-- Compiling...
Errors detected during compilation! Exit code 200 returned.
Semantic Error at 15:9 -- Incorrect number of parameters for f (expected: 2, actual: 1)
