sample_programs/invalid/semanticErr/function/functionBadParam.wacc
calling the reference compiler on sample_programs/invalid/semanticErr/function/functionBadParam.wacc
-- Test: functionBadParam.wacc

-- Uploaded file: 
---------------------------------------------------------------
# function parameter type mismatch

# Output:
# #semantic_error#

# Exit:
# 200

# Program:

begin
	int f(int x) is
		return x
	end
	bool b = true ; 
  int x = call f(b) 
end
	
---------------------------------------------------------------

-- Compiler Output:
-- Compiling...
Errors detected during compilation! Exit code 200 returned.
Semantic Error at 16:17 -- Incompatible type at b (expected: INT, actual: BOOL)
