sample_programs/valid/IO/print/printChar.wacc
calling the reference compiler on sample_programs/valid/IO/print/printChar.wacc
-- Test: printChar.wacc

-- Uploaded file: 
---------------------------------------------------------------
# basic character printing

# Output:
# A simple character example is f

# Program:

begin
  print "A simple character example is " ;
  println 'f'
end
---------------------------------------------------------------

-- Compiler Output:
-- Compiling...
-- Finished
