sample_programs/valid/IO/print/printEscChar.wacc
calling the reference compiler on sample_programs/valid/IO/print/printEscChar.wacc
-- Test: printEscChar.wacc

-- Uploaded file: 
---------------------------------------------------------------
# basic escaped character printing

# Output:
# An escaped character example is "

# Program:

begin
  print "An escaped character example is " ;
  println '\"'
end
---------------------------------------------------------------

-- Compiler Output:
-- Compiling...
-- Finished
