sample_programs/valid/IO/print/printCharAsString.wacc
calling the reference compiler on sample_programs/valid/IO/print/printCharAsString.wacc
-- Test: printCharAsString.wacc

-- Uploaded file: 
---------------------------------------------------------------
# character array treated as a string

# Output:
# foo
# bar

# Program:

begin
  char[] str = ['f','o','o'];
  println str;
  str = ['b','a','r'];
  println str
end
---------------------------------------------------------------

-- Compiler Output:
-- Compiling...
-- Finished
