sample_programs/valid/IO/print/printInt.wacc
calling the reference compiler on sample_programs/valid/IO/print/printInt.wacc
-- Test: printInt.wacc

-- Uploaded file: 
---------------------------------------------------------------
# basic Integer printing

# Output:
# An example integer is 189

# Program:

begin
  print "An example integer is " ;
  println 189
end
---------------------------------------------------------------

-- Compiler Output:
-- Compiling...
-- Finished
