sample_programs/valid/expressions/andExpr.wacc
calling the reference compiler on sample_programs/valid/expressions/andExpr.wacc
-- Test: andExpr.wacc

-- Uploaded file: 
---------------------------------------------------------------
# evaluating and

# Output:
# false
# true
# false

# Program:

begin
  bool a = true ;
  bool b = false ;
  println a && b ;
  println a && true ;
  println b && false
end
---------------------------------------------------------------

-- Compiler Output:
-- Compiling...
-- Finished
