sample_programs/valid/expressions/boolExpr1.wacc
calling the reference compiler on sample_programs/valid/expressions/boolExpr1.wacc
-- Test: boolExpr1.wacc

-- Uploaded file: 
---------------------------------------------------------------
# evaluating a moderately complex boolean expression

# Output:
# Correct

# Program:

begin
  bool b = ! ( ( true && false) || (true && false) );
  if b == true then
    println "Correct"
  else
    println "Wrong"
  fi
end
---------------------------------------------------------------

-- Compiler Output:
-- Compiling...
-- Finished
