sample_programs/valid/expressions/charComparisonExpr.wacc
calling the reference compiler on sample_programs/valid/expressions/charComparisonExpr.wacc
-- Test: charComparisonExpr.wacc

-- Uploaded file: 
---------------------------------------------------------------
# detailed battery of character comparison tests

# Output:
# false
# true
# true
# true
# false
# false

# Program:

begin
  char c1 = 'a' ;
  char c2 = 'z' ;
  println c1 == c2 ;
  println c1 != c2 ;
  println c1 < c2 ;
  println c1 <= c2 ;
  println c1 > c2 ;
  println c1 >= c2
end

---------------------------------------------------------------

-- Compiler Output:
-- Compiling...
-- Finished
