sample_programs/valid/expressions/equalsExpr.wacc
calling the reference compiler on sample_programs/valid/expressions/equalsExpr.wacc
-- Test: equalsExpr.wacc

-- Uploaded file: 
---------------------------------------------------------------
# evaluating equality

# Output:
# false
# false
# true

# Program:

begin
  int x = 2 ;
  int y = 4 ;
  int z = 4 ;
  bool b = x == y ;
  println b ;
  println x == y ;
  println y == z
end
---------------------------------------------------------------

-- Compiler Output:
-- Compiling...
-- Finished
