sample_programs/valid/expressions/equalsOverAnd.wacc
calling the reference compiler on sample_programs/valid/expressions/equalsOverAnd.wacc
-- Test: equalsOverAnd.wacc

-- Uploaded file: 
---------------------------------------------------------------
# evaluating equality and boolean operator precedence

# Output:
# false
# true

# Program:

begin
  bool p = false ;
  bool q = true ;
  bool r = false ;
  println p == q && r ;
  println p == (q && r)
end
---------------------------------------------------------------

-- Compiler Output:
-- Compiling...
-- Finished
