sample_programs/valid/expressions/lessExpr.wacc
calling the reference compiler on sample_programs/valid/expressions/lessExpr.wacc
-- Test: lessExpr.wacc

-- Uploaded file: 
---------------------------------------------------------------
# evaluating less-than

# Output:
# true
# false

# Program:

begin
  int x = 2 ;
  int y = 6 ;
  int z = 4 ;
  println x < y ;
  println y < z
end
---------------------------------------------------------------

-- Compiler Output:
-- Compiling...
-- Finished
