sample_programs/valid/expressions/minusMinusExpr.wacc
calling the reference compiler on sample_programs/valid/expressions/minusMinusExpr.wacc
-- Test: minusMinusExpr.wacc

-- Uploaded file: 
---------------------------------------------------------------
# -- should be recognised as two separate symbols

# Output:
# 3

# Program:

begin
  println 1--2
end
---------------------------------------------------------------

-- Compiler Output:
-- Compiling...
-- Finished
