sample_programs/valid/expressions/modExpr.wacc
calling the reference compiler on sample_programs/valid/expressions/modExpr.wacc
-- Test: modExpr.wacc

-- Uploaded file: 
---------------------------------------------------------------
# evaluating modulus

# Output:
# 2

# Program:

begin
  int x = 5 ;
  int y = 3 ;
  println x % y
end
---------------------------------------------------------------

-- Compiler Output:
-- Compiling...
-- Finished
