sample_programs/valid/expressions/multNoWhitespaceExpr.wacc
calling the reference compiler on sample_programs/valid/expressions/multNoWhitespaceExpr.wacc
-- Test: multNoWhitespaceExpr.wacc

-- Uploaded file: 
---------------------------------------------------------------
# multiplication expressions should not be whitespace sensitive

# Output:
# 2

# Program:

begin
  println 1*2
end
---------------------------------------------------------------

-- Compiler Output:
-- Compiling...
-- Finished
