sample_programs/valid/expressions/multExpr.wacc
calling the reference compiler on sample_programs/valid/expressions/multExpr.wacc
-- Test: multExpr.wacc

-- Uploaded file: 
---------------------------------------------------------------
# evaluating multiplication

# Output:
# 15

# Program:

begin
  int x = 5 ;
  int y = 3 ;
  println x * y
end
---------------------------------------------------------------

-- Compiler Output:
-- Compiling...
-- Finished
