sample_programs/valid/expressions/notequalsExpr.wacc
calling the reference compiler on sample_programs/valid/expressions/notequalsExpr.wacc
-- Test: notequalsExpr.wacc

-- Uploaded file: 
---------------------------------------------------------------
# evaluating inequality

# Output:
# true
# true
# false

# Program:

begin
  int x = 2 ;
  int y = 4 ;
  int z = 4 ;
  bool b = x != y ;
  println b ;
  println x != y ;
  println y != z
end
---------------------------------------------------------------

-- Compiler Output:
-- Compiling...
-- Finished
