sample_programs/valid/expressions/ordAndchrExpr.wacc
calling the reference compiler on sample_programs/valid/expressions/ordAndchrExpr.wacc
-- Test: ordAndchrExpr.wacc

-- Uploaded file: 
---------------------------------------------------------------
# evalutaing ord and chr

# Output:
# a is 97
# 99 is c

# Program:

begin
  char a = 'a' ;
  int i = 99 ;

  print a ;
  print " is " ;
  println ord a ;

  print i ;
  print " is " ;
  println chr i
end


---------------------------------------------------------------

-- Compiler Output:
-- Compiling...
-- Finished
