sample_programs/valid/expressions/orExpr.wacc
calling the reference compiler on sample_programs/valid/expressions/orExpr.wacc
-- Test: orExpr.wacc

-- Uploaded file: 
---------------------------------------------------------------
# evaluating or

# Output:
# true
# true
# false

# Program:

begin
  bool a = true ;
  bool b = false ;
  println a || b ;
  println a || true ;
  println b || false
end
---------------------------------------------------------------

-- Compiler Output:
-- Compiling...
-- Finished
