sample_programs/valid/expressions/plusNoWhitespaceExpr.wacc
calling the reference compiler on sample_programs/valid/expressions/plusNoWhitespaceExpr.wacc
-- Test: plusNoWhitespaceExpr.wacc

-- Uploaded file: 
---------------------------------------------------------------
# addition expressions should not be whitespace sensitive

# Output:
# 3

# Program:

begin
  println 1+2
end
---------------------------------------------------------------

-- Compiler Output:
-- Compiling...
-- Finished
