sample_programs/valid/function/nested_functions/functionConditionalReturn.wacc
calling the reference compiler on sample_programs/valid/function/nested_functions/functionConditionalReturn.wacc
-- Test: functionConditionalReturn.wacc

-- Uploaded file: 
---------------------------------------------------------------
# program has function which only contains an if statement and a return in each branch

# Output:
# true

# Program:

begin
  bool f() is 
    if true then
      return true
    else
      return false
    fi
  end
  bool x = call f();
  println x
end
---------------------------------------------------------------

-- Compiler Output:
-- Compiling...
-- Finished
