sample_programs/valid/basic/exit/exit-1.wacc
calling the reference compiler on sample_programs/valid/basic/exit/exit-1.wacc
-- Test: exit-1.wacc

-- Uploaded file: 
---------------------------------------------------------------
# common error exit statement

# Output:
# #empty#

# Exit:
# 255

# Program:

begin
  exit -1
end
---------------------------------------------------------------

-- Compiler Output:
-- Compiling...
-- Finished
