sample_programs/valid/basic/exit/exitWrap.wacc
calling the reference compiler on sample_programs/valid/basic/exit/exitWrap.wacc
-- Test: exitWrap.wacc

-- Uploaded file: 
---------------------------------------------------------------
# exit with wrapped int 

# Output:
# #empty#

# Exit:
# 0

# Program:

begin
  exit 256
end
---------------------------------------------------------------

-- Compiler Output:
-- Compiling...
-- Finished
